============================= test session starts =============================
platform win32 -- Python 3.12.7, pytest-8.4.2, pluggy-1.6.0
rootdir: C:\Users\Dana\cowork\ultimate-doc-researcher
configfile: pyproject.toml
plugins: anyio-4.11.0, opik-1.10.32, asyncio-1.2.0, cov-4.1.0, dotenv-0.5.2, typeguard-4.5.1
asyncio: mode=Mode.STRICT, debug=False, asyncio_default_fixture_loop_scope=None, asyncio_default_test_loop_scope=function
collected 251 items

tests\test_analyzer.py ....................                              [  7%]
tests\test_analyzer_filters.py ......................................    [ 23%]
tests\test_code_suggester.py .....................                       [ 31%]
tests\test_collector_logic.py ...                                        [ 32%]
tests\test_eval.py ....................                                  [ 40%]
tests\test_eval_spec.py ...FFF...........................F.F             [ 54%]
tests\test_external_focus.py ........................                    [ 64%]
tests\test_llm_client.py ..................F.F.......                    [ 75%]
tests\test_memory.py ..................................                  [ 89%]
tests\test_scraper.py ...........                                        [ 93%]
tests\test_security_fix.py .                                             [ 94%]
pytest : C:\Users\Dana\
anaconda3\Lib\site-pack
ages\_pytest\unraisable
exception.py:33: 
RuntimeWarning: 
coroutine 'scrape_topic
.<locals>._run' was 
never awaited
At line:1 char:1
+ pytest tests/ 
--tb=short > 
pytest_output.txt 2>&1
+ ~~~~~~~~~~~~~~~~~~~~~
~~~~~~~~~~~~~~~~~~~~~~~
~~~~~
    + CategoryInfo     
         : NotSpecifi  
  ed: (C:\Users\Dana   
 \a...s never await    
ed:String) [], Rem    
oteException
    + FullyQualifiedEr 
   rorId : NativeComm  
  andError
 
  gc.collect()
RuntimeWarning: Enable 
tracemalloc to get the 
object allocation 
traceback
tests\test_train.py ...............                                      [100%]

================================== FAILURES ===================================
_________________ TestLoadSpec.test_expected_criterion_names __________________
tests\test_eval_spec.py:48: in test_expected_criterion_names
    self.assertEqual(names, expected)
E   AssertionError: Items in the first set but not the second:
E   'external_novelty'
_____________________ TestLoadSpec.test_loads_5_criteria ______________________
tests\test_eval_spec.py:41: in test_loads_5_criteria
    self.assertEqual(len(criteria), 5, f"Expected 5 criteria, got {len(criteria)}")
E   AssertionError: 6 != 5 : Expected 5 criteria, got 6
_______________ TestLoadSpec.test_minimal_parser_matches_pyyaml _______________
tests\test_eval_spec.py:81: in test_minimal_parser_matches_pyyaml
    from eval.run_eval import load_spec, _minimal_yaml_load
E   ImportError: cannot import name '_minimal_yaml_load' from 'eval.run_eval' (C:\Users\Dana\cowork\ultimate-doc-researcher\eval\run_eval.py)
_______________ TestEvaluate.test_evaluate_returns_report_dict ________________
tests\test_eval_spec.py:312: in test_evaluate_returns_report_dict
    self.assertEqual(len(report["criteria"]), 5)
E   AssertionError: 6 != 5
_____________ TestEvaluate.test_summary_contains_required_fields ______________
tests\test_eval_spec.py:427: in test_summary_contains_required_fields
    self.assertEqual(len(summary["criterion_scores"]), 5)
E   AssertionError: 6 != 5
_____ TestBestAvailableModel.test_falls_back_to_openai_when_no_anthropic ______
tests\test_llm_client.py:174: in test_falls_back_to_openai_when_no_anthropic
    self.assertIn("gpt", model)
E   AssertionError: 'gpt' not found in 'gemini-2.5-flash-lite'
_______ TestBestAvailableModel.test_returns_ollama_spec_as_last_resort ________
tests\test_llm_client.py:180: in test_returns_ollama_spec_as_last_resort
    self.assertEqual(model, "ollama:phi4")
E   AssertionError: 'gemini-2.5-flash-lite' != 'ollama:phi4'
E   - gemini-2.5-flash-lite
E   + ollama:phi4
============================== warnings summary ===============================
tests/test_scraper.py::TestScrapeTopicSync::test_returns_string_in_normal_context
  C:\Users\Dana\anaconda3\Lib\unittest\mock.py:2208: RuntimeWarning: coroutine 'scrape_topic.<locals>._run' was never awaited
    def __init__(self, name, parent):
  Enable tracemalloc to get traceback where the object was allocated.
  See https://docs.pytest.org/en/stable/how-to/capture-warnings.html#resource-warnings for more info.

tests/test_scraper.py::TestScrapeTopicSync::test_uses_thread_pool_when_loop_is_running
  C:\Users\Dana\cowork\ultimate-doc-researcher\collector\scraper.py:173: RuntimeWarning: coroutine 'scrape_topic.<locals>._run' was never awaited
    return pool.submit(asyncio.run, _run()).result()
  Enable tracemalloc to get traceback where the object was allocated.
  See https://docs.pytest.org/en/stable/how-to/capture-warnings.html#resource-warnings for more info.

-- Docs: https://docs.pytest.org/en/stable/how-to/capture-warnings.html
=========================== short test summary info ===========================
FAILED tests/test_eval_spec.py::TestLoadSpec::test_expected_criterion_names
FAILED tests/test_eval_spec.py::TestLoadSpec::test_loads_5_criteria - Asserti...
FAILED tests/test_eval_spec.py::TestLoadSpec::test_minimal_parser_matches_pyyaml
FAILED tests/test_eval_spec.py::TestEvaluate::test_evaluate_returns_report_dict
FAILED tests/test_eval_spec.py::TestEvaluate::test_summary_contains_required_fields
FAILED tests/test_llm_client.py::TestBestAvailableModel::test_falls_back_to_openai_when_no_anthropic
FAILED tests/test_llm_client.py::TestBestAvailableModel::test_returns_ollama_spec_as_last_resort
================= 7 failed, 244 passed, 2 warnings in 23.01s ==================
